###############################################################################
#
# IAR ELF Linker V7.20.2.7424/W32 for ARM                 01/Jun/2017  11:36:40
# Copyright 2007-2014 IAR Systems AB.
#
#    Output file  =  
#        G:\NXP\PROJ\xiaosai_v3\xiaosai_v3\Prj\IAR\FX15_Debug\Exe\vcan_Kinetis.out
#    Map file     =  
#        G:\NXP\PROJ\xiaosai_v3\xiaosai_v3\Prj\IAR\FX15_Debug\List\vcan_Kinetis.map
#    Command line =  
#        G:\NXP\PROJ\xiaosai_v3\xiaosai_v3\Prj\IAR\FX15_Debug\Obj\calculation.o
#        G:\NXP\PROJ\xiaosai_v3\xiaosai_v3\Prj\IAR\FX15_Debug\Obj\ccdwork.o
#        G:\NXP\PROJ\xiaosai_v3\xiaosai_v3\Prj\IAR\FX15_Debug\Obj\IIC.o
#        G:\NXP\PROJ\xiaosai_v3\xiaosai_v3\Prj\IAR\FX15_Debug\Obj\main.o
#        G:\NXP\PROJ\xiaosai_v3\xiaosai_v3\Prj\IAR\FX15_Debug\Obj\misc.o
#        G:\NXP\PROJ\xiaosai_v3\xiaosai_v3\Prj\IAR\FX15_Debug\Obj\MK60_adc.o
#        G:\NXP\PROJ\xiaosai_v3\xiaosai_v3\Prj\IAR\FX15_Debug\Obj\MK60_conf.o
#        G:\NXP\PROJ\xiaosai_v3\xiaosai_v3\Prj\IAR\FX15_Debug\Obj\MK60_DWT.o
#        G:\NXP\PROJ\xiaosai_v3\xiaosai_v3\Prj\IAR\FX15_Debug\Obj\MK60_flash.o
#        G:\NXP\PROJ\xiaosai_v3\xiaosai_v3\Prj\IAR\FX15_Debug\Obj\MK60_ftm.o
#        G:\NXP\PROJ\xiaosai_v3\xiaosai_v3\Prj\IAR\FX15_Debug\Obj\MK60_gpio.o
#        G:\NXP\PROJ\xiaosai_v3\xiaosai_v3\Prj\IAR\FX15_Debug\Obj\MK60_it.o
#        G:\NXP\PROJ\xiaosai_v3\xiaosai_v3\Prj\IAR\FX15_Debug\Obj\MK60_lptmr.o
#        G:\NXP\PROJ\xiaosai_v3\xiaosai_v3\Prj\IAR\FX15_Debug\Obj\MK60_mcg.o
#        G:\NXP\PROJ\xiaosai_v3\xiaosai_v3\Prj\IAR\FX15_Debug\Obj\MK60_PIT.o
#        G:\NXP\PROJ\xiaosai_v3\xiaosai_v3\Prj\IAR\FX15_Debug\Obj\MK60_port.o
#        G:\NXP\PROJ\xiaosai_v3\xiaosai_v3\Prj\IAR\FX15_Debug\Obj\MK60_SysTick.o
#        G:\NXP\PROJ\xiaosai_v3\xiaosai_v3\Prj\IAR\FX15_Debug\Obj\MK60_uart.o
#        G:\NXP\PROJ\xiaosai_v3\xiaosai_v3\Prj\IAR\FX15_Debug\Obj\MK60_wdog.o
#        G:\NXP\PROJ\xiaosai_v3\xiaosai_v3\Prj\IAR\FX15_Debug\Obj\oled.o
#        G:\NXP\PROJ\xiaosai_v3\xiaosai_v3\Prj\IAR\FX15_Debug\Obj\startup_MK60DZ10.o
#        G:\NXP\PROJ\xiaosai_v3\xiaosai_v3\Prj\IAR\FX15_Debug\Obj\system_MK60DZ10.o
#        "G:\NXP\PROJ\xiaosai_v3\xiaosai_v3\Prj\IAR\FX15_Debug\Obj\upper
#        monitor.o"
#        G:\NXP\PROJ\xiaosai_v3\xiaosai_v3\Prj\IAR\FX15_Debug\Obj\VCAN_key.o
#        G:\NXP\PROJ\xiaosai_v3\xiaosai_v3\Prj\IAR\FX15_Debug\Obj\VCAN_LED.o
#        G:\NXP\PROJ\xiaosai_v3\xiaosai_v3\Prj\IAR\FX15_Debug\Obj\vectors.o
#        --redirect _Printf=_PrintfLargeNoMb -o
#        G:\NXP\PROJ\xiaosai_v3\xiaosai_v3\Prj\IAR\FX15_Debug\Exe\vcan_Kinetis.out
#        --map
#        G:\NXP\PROJ\xiaosai_v3\xiaosai_v3\Prj\IAR\FX15_Debug\List\vcan_Kinetis.map
#        --config "G:\NXP\PROJ\xiaosai_v3\xiaosai_v3\Prj\IAR\config
#        files\vcan_ROM_K60N512.icf"
#        G:\NXP\PROJ\xiaosai_v3\xiaosai_v3\Prj\IAR\..\..\Lib\CMSIS\iar_cortexM4l_math.a
#        --entry __iar_program_start --vfe
#
###############################################################################

*******************************************************************************
*** RUNTIME MODEL ATTRIBUTES
***

CppFlavor       = *
__SystemLibrary = DLib


*******************************************************************************
*** PLACEMENT SUMMARY
***

"A1":  place at 0x00000000 { ro section .intvec };
"A2":  place at 0x00000410 { ro section .noinit };
"P1":  place in [from 0x00000000 to 0x00080000] { ro, block CodeRelocate };
"P2":  place in [from 0x1fff0410 to 0x20010000] {
          rw, block CodeRelocateRam, block CSTACK, block HEAP };

  Section              Kind        Address    Size  Object
  -------              ----        -------    ----  ------
"A1":                                        0x410
  .intvec              const    0x00000000   0x410  vectors.o [1]
                              - 0x00000410   0x410

"P1", part 1 of 2:                             0x0
  .rodata              const    0x00000410     0x0  zero_init3.o [5]

"A2":                                          0x8
  .noinit              ro code  0x00000410     0x8  startup_MK60DZ10.o [1]
                              - 0x00000418     0x8

"P1", part 2 of 2:                          0x8764
  .text                ro code  0x00000418  0x1512  IIC.o [1]
  .text                ro code  0x0000192a    0x22  zero_init3.o [5]
  .text                ro code  0x0000194c   0x19c  MK60_gpio.o [1]
  .text                ro code  0x00001ae8    0x30  I32ToDbl.o [4]
  .text                ro code  0x00001b18   0x246  DblDiv.o [4]
  .text                ro code  0x00001d5e     0xa  xsprout.o [3]
  .text                ro code  0x00001d68   0x1a2  DblMul.o [4]
  .text                ro code  0x00001f0c    0x2e  DblCmpGe.o [4]
  .text                ro code  0x00001f3c    0x2e  DblCmpLe.o [4]
  .text                ro code  0x00001f6c    0xb0  MK60_port.o [1]
  Veneer               ro code  0x0000201c     0x8  - Linker created -
  Veneer               ro code  0x00002024     0x8  - Linker created -
  .text                ro code  0x0000202c   0x180  MK60_conf.o [1]
  .text                ro code  0x000021ac    0x50  VCAN_LED.o [1]
  .text                ro code  0x000021fc    0x24  printf.o [3]
  .text                ro code  0x00002220   0x12c  MK60_PIT.o [1]
  .text                ro code  0x0000234c   0x248  MK60_uart.o [1]
  .text                ro code  0x00002594    0xa8  VCAN_key.o [1]
  .text                ro code  0x0000263c   0xbee  xprintflarge_nomb.o [3]
  .text                ro code  0x0000322c    0x16  strchr.o [5]
  .text                ro code  0x00003244    0x36  strlen.o [5]
  .text                ro code  0x0000327c    0x58  memchr.o [5]
  .text                ro code  0x000032d4    0xee  I64DivMod.o [5]
  .text                ro code  0x000033c4    0x76  ABImemcpy_unaligned.o [5]
  .text                ro code  0x0000343a    0x42  xdnorm.o [4]
  .text                ro code  0x0000347c    0x58  DblToI32.o [4]
  .text                ro code  0x000034d4   0x180  DblSub.o [4]
  .text                ro code  0x00003654    0x6c  localeconv.o [3]
  .text                ro code  0x000036c0     0xe  div.o [3]
  .text                ro code  0x000036d0     0x2  I64DivZer.o [5]
  .text                ro code  0x000036d4    0xe8  DblAdd.o [4]
  .text                ro code  0x000037bc     0x2  xtls.o [3]
  .text                ro code  0x000037c0   0xf98  MK60_it.o [1]
  .text                ro code  0x00004758    0xd8  FltMul.o [4]
  .text                ro code  0x00004830    0x2e  I32ToFlt.o [4]
  .text                ro code  0x00004860    0x84  FltAdd.o [4]
  .text                ro code  0x000048e4    0x24  FltCmpGe.o [4]
  .text                ro code  0x00004908    0x24  FltCmpLe.o [4]
  .text                ro code  0x0000492c    0x24  FltToU32.o [4]
  .text                ro code  0x00004950   0x47c  MK60_ftm.o [1]
  .text                ro code  0x00004dcc    0xe6  FltSub.o [4]
  .text                ro code  0x00004eb4    0x4e  FltToDbl.o [4]
  .text                ro code  0x00004f04    0x90  DblToFlt.o [4]
  .text                ro code  0x00004f94    0x44  FltToS32.o [4]
  .text                ro code  0x00004fd8    0xfc  FltDiv.o [4]
  .text                ro code  0x000050d4   0x298  calculation.o [1]
  .text                ro code  0x0000536c   0x924  ccdwork.o [1]
  .text                ro code  0x00005c90   0x2b8  MK60_adc.o [1]
  .text                ro code  0x00005f48    0x48  MK60_SysTick.o [1]
  .data_init                    0x00005f90   0x8ec  <Block>
    Initializer bytes  ro data  0x00005f90   0x8ec  <for .data-1> (used: 0x8e8)
  .text                ro code  0x0000687c   0x820  main.o [1]
  .text                ro code  0x0000709c   0x3e0  oled.o [1]
  .text                ro code  0x0000747c    0x50  misc.o [1]
  .text                ro code  0x000074cc   0x12c  upper monitor.o [1]
  .text                ro code  0x000075f8    0x34  sprintf.o [3]
  .text                ro code  0x0000762c     0x6  ABImemclr4.o [5]
  .text                ro code  0x00007634    0x32  ABImemset48.o [5]
  .rodata              const    0x00007668   0x5f0  oled.o [1]
  .rodata              const    0x00007c58   0x474  oled.o [1]
  Veneer               ro code  0x000080cc     0x8  - Linker created -
  .text                ro code  0x000080d4   0x3b4  MK60_mcg.o [1]
  CodeRelocate                  0x00008488   0x1b8  <Block>
    Initializer bytes  ro data  0x00008488   0x1b8  <for CodeRelocateRam-1>
  .text                ro code  0x00008640   0x124  system_MK60DZ10.o [1]
  .text                ro code  0x00008764    0x40  MK60_wdog.o [1]
  .rodata              const    0x000087a4    0x3c  MK60_conf.o [1]
  .rodata              const    0x000087e0    0x3c  MK60_SysTick.o [1]
  .rodata              const    0x0000881c    0x38  MK60_adc.o [1]
  .rodata              const    0x00008854    0x38  MK60_flash.o [1]
  .rodata              const    0x0000888c    0x38  MK60_ftm.o [1]
  .rodata              const    0x000088c4    0x38  MK60_gpio.o [1]
  .rodata              const    0x000088fc    0x38  MK60_PIT.o [1]
  .rodata              const    0x00008934    0x38  MK60_uart.o [1]
  .rodata              const    0x0000896c    0x34  misc.o [1]
  .text                ro code  0x000089a0    0x28  data_init.o [5]
  .rodata              const    0x000089c8    0x24  MK60_conf.o [1]
  .iar.init_table      const    0x000089ec    0x10  - Linker created -
  .rodata              const    0x000089fc    0x20  MK60_conf.o [1]
  .text                ro code  0x00008a1c    0x1a  cmain.o [5]
  .text                ro code  0x00008a36     0x4  low_level_init.o [3]
  .text                ro code  0x00008a3a     0x4  exit.o [3]
  .text                ro code  0x00008a40     0xa  cexit.o [5]
  .text                ro code  0x00008a4c     0xc  XXexit.o [5]
  .text                ro code  0x00008a58    0x16  xprout.o [3]
  .text                ro code  0x00008a70     0xc  putchar.o [3]
  .rodata              const    0x00008a7c    0x14  MK60_conf.o [1]
  .rodata              const    0x00008a90     0xc  main.o [1]
  .rodata              const    0x00008a9c     0xc  main.o [1]
  .rodata              const    0x00008aa8     0xc  main.o [1]
  .rodata              const    0x00008ab4     0xc  main.o [1]
  .text                ro code  0x00008ac0     0xc  cstartup_M.o [5]
  .rodata              const    0x00008acc     0x8  main.o [1]
  .rodata              const    0x00008ad4     0x8  main.o [1]
  .rodata              const    0x00008adc     0x8  main.o [1]
  .rodata              const    0x00008ae4     0x8  main.o [1]
  .rodata              const    0x00008aec     0x8  main.o [1]
  Initializer bytes    ro data  0x00008af4    0x88  <for P2 s0>
                              - 0x00008b7c  0x8764

"P2":                                       0x1590
  .data                         0x1fff0410   0x8e8  <Block>
    .data-1                     0x1fff0410   0x8e8  <Init block>
      .data            inited   0x1fff0410     0x8  ccdwork.o [1]
      .data            inited   0x1fff0418     0x4  ccdwork.o [1]
      .data            inited   0x1fff041c     0x4  ccdwork.o [1]
      .data            inited   0x1fff0420     0x4  ccdwork.o [1]
      .data            inited   0x1fff0424     0x2  ccdwork.o [1]
      .data            inited   0x1fff0428     0x4  ccdwork.o [1]
      .data            inited   0x1fff042c     0x8  ccdwork.o [1]
      .data            inited   0x1fff0434     0x8  ccdwork.o [1]
      .data            inited   0x1fff043c     0x4  ccdwork.o [1]
      .data            inited   0x1fff0440     0x4  ccdwork.o [1]
      .data            inited   0x1fff0444     0x4  ccdwork.o [1]
      .data            inited   0x1fff0448     0x4  main.o [1]
      .data            inited   0x1fff044c     0x4  main.o [1]
      .data            inited   0x1fff0450     0x4  main.o [1]
      .data            inited   0x1fff0454     0x4  main.o [1]
      .data            inited   0x1fff0458     0x4  main.o [1]
      .data            inited   0x1fff045c     0x4  main.o [1]
      .data            inited   0x1fff0460     0x4  main.o [1]
      .data            inited   0x1fff0464     0x4  main.o [1]
      .data            inited   0x1fff0468    0x80  main.o [1]
      .data            inited   0x1fff04e8     0x8  main.o [1]
      .data            inited   0x1fff04f0     0x8  main.o [1]
      .data            inited   0x1fff04f8     0x4  main.o [1]
      .data            inited   0x1fff04fc     0x4  main.o [1]
      .data            inited   0x1fff0500     0x4  main.o [1]
      .data            inited   0x1fff0504     0x8  MK60_adc.o [1]
      .data            inited   0x1fff050c   0x708  MK60_conf.o [1]
      .data            inited   0x1fff0c14     0xc  MK60_ftm.o [1]
      .data            inited   0x1fff0c20    0x14  MK60_gpio.o [1]
      .data            inited   0x1fff0c34     0x4  MK60_it.o [1]
      .data            inited   0x1fff0c38    0x44  MK60_mcg.o [1]
      .data            inited   0x1fff0c7c     0x4  MK60_mcg.o [1]
      .data            inited   0x1fff0c80    0x14  MK60_port.o [1]
      .data            inited   0x1fff0c94    0x18  MK60_uart.o [1]
      .data            inited   0x1fff0cac     0x8  VCAN_key.o [1]
      .data            inited   0x1fff0cb4     0x4  VCAN_LED.o [1]
      .data            inited   0x1fff0cb8    0x40  xfiles.o [3]
  CodeRelocateRam               0x1fff0cf8   0x1b8  <Block>
    CodeRelocateRam-1           0x1fff0cf8   0x1b8  <Init block>
      Veneer           inited   0x1fff0cf8     0x8  - Linker created -
      .textrw          inited   0x1fff0d00   0x160  MK60_flash.o [1]
      .textrw          inited   0x1fff0e60    0x50  MK60_mcg.o [1]
  .bss                          0x1fff0eb0   0xa68  <Block>
    .bss               zero     0x1fff0eb0    0x80  ccdwork.o [1]
    .bss               zero     0x1fff0f30     0x4  ccdwork.o [1]
    .bss               zero     0x1fff0f34     0x4  ccdwork.o [1]
    .bss               zero     0x1fff0f38     0x4  ccdwork.o [1]
    .bss               zero     0x1fff0f3c     0x4  ccdwork.o [1]
    .bss               zero     0x1fff0f40     0x4  ccdwork.o [1]
    .bss               zero     0x1fff0f44     0x4  ccdwork.o [1]
    .bss               zero     0x1fff0f48     0x4  ccdwork.o [1]
    .bss               zero     0x1fff0f4c     0x4  ccdwork.o [1]
    .bss               zero     0x1fff0f50     0x4  ccdwork.o [1]
    .bss               zero     0x1fff0f54     0x4  ccdwork.o [1]
    .bss               zero     0x1fff0f58     0x4  ccdwork.o [1]
    .bss               zero     0x1fff0f5c     0x4  ccdwork.o [1]
    .bss               zero     0x1fff0f60     0x4  ccdwork.o [1]
    .bss               zero     0x1fff0f64     0x4  ccdwork.o [1]
    .bss               zero     0x1fff0f68     0x4  ccdwork.o [1]
    .bss               zero     0x1fff0f6c     0x4  ccdwork.o [1]
    .bss               zero     0x1fff0f70     0x4  ccdwork.o [1]
    .bss               zero     0x1fff0f74     0x4  main.o [1]
    .bss               zero     0x1fff0f78     0x4  main.o [1]
    .bss               zero     0x1fff0f7c     0x4  main.o [1]
    .bss               zero     0x1fff0f80     0x4  main.o [1]
    .bss               zero     0x1fff0f84     0x4  main.o [1]
    .bss               zero     0x1fff0f88     0x4  main.o [1]
    .bss               zero     0x1fff0f8c     0x4  main.o [1]
    .bss               zero     0x1fff0f90     0x4  main.o [1]
    .bss               zero     0x1fff0f94     0x4  main.o [1]
    .bss               zero     0x1fff0f98     0x4  main.o [1]
    .bss               zero     0x1fff0f9c     0x4  main.o [1]
    .bss               zero     0x1fff0fa0    0x10  main.o [1]
    .bss               zero     0x1fff0fb0     0x4  main.o [1]
    .bss               zero     0x1fff0fb4     0x4  main.o [1]
    .bss               zero     0x1fff0fb8     0x4  main.o [1]
    .bss               zero     0x1fff0fbc     0x4  main.o [1]
    .bss               zero     0x1fff0fc0     0x4  main.o [1]
    .bss               zero     0x1fff0fc4     0x4  main.o [1]
    .bss               zero     0x1fff0fc8     0x4  main.o [1]
    .bss               zero     0x1fff0fcc     0x4  main.o [1]
    .bss               zero     0x1fff0fd0     0x4  main.o [1]
    .bss               zero     0x1fff0fd4     0x4  main.o [1]
    .bss               zero     0x1fff0fd8     0x4  main.o [1]
    .bss               zero     0x1fff0fdc     0x4  main.o [1]
    .bss               zero     0x1fff0fe0     0x4  main.o [1]
    .bss               zero     0x1fff0fe4     0x4  main.o [1]
    .bss               zero     0x1fff0fe8     0x4  main.o [1]
    .bss               zero     0x1fff0fec     0x4  main.o [1]
    .bss               zero     0x1fff0ff0     0x4  main.o [1]
    .bss               zero     0x1fff0ff4     0x4  main.o [1]
    .bss               zero     0x1fff0ff8     0x4  main.o [1]
    .bss               zero     0x1fff0ffc    0x14  main.o [1]
    .bss               zero     0x1fff1010     0x4  main.o [1]
    .bss               zero     0x1fff1014     0x4  main.o [1]
    .bss               zero     0x1fff1018     0x4  main.o [1]
    .bss               zero     0x1fff101c     0x4  main.o [1]
    .bss               zero     0x1fff1020     0x4  main.o [1]
    .bss               zero     0x1fff1024     0x4  main.o [1]
    .bss               zero     0x1fff1028     0x4  main.o [1]
    .bss               zero     0x1fff102c     0x4  main.o [1]
    .bss               zero     0x1fff1030     0x4  main.o [1]
    .bss               zero     0x1fff1034     0x4  main.o [1]
    .bss               zero     0x1fff1038     0x4  main.o [1]
    .bss               zero     0x1fff103c     0x4  MK60_it.o [1]
    .bss               zero     0x1fff1040     0x4  MK60_it.o [1]
    .bss               zero     0x1fff1044     0x4  MK60_it.o [1]
    .bss               zero     0x1fff1048     0x4  MK60_it.o [1]
    .bss               zero     0x1fff104c     0x4  MK60_it.o [1]
    .bss               zero     0x1fff1050     0x4  MK60_it.o [1]
    .bss               zero     0x1fff1054     0x4  MK60_it.o [1]
    .bss               zero     0x1fff1058     0x4  MK60_it.o [1]
    .bss               zero     0x1fff105c     0x4  MK60_it.o [1]
    .bss               zero     0x1fff1060     0x4  MK60_it.o [1]
    .bss               zero     0x1fff1064     0x4  MK60_it.o [1]
    .bss               zero     0x1fff1068     0x4  MK60_it.o [1]
    .bss               zero     0x1fff106c     0x4  MK60_it.o [1]
    .bss               zero     0x1fff1070     0x4  MK60_it.o [1]
    .bss               zero     0x1fff1074   0x840  oled.o [1]
    .bss               zero     0x1fff18b4     0x4  system_MK60DZ10.o [1]
    .bss               zero     0x1fff18b8     0x4  system_MK60DZ10.o [1]
    .bss               zero     0x1fff18bc     0x4  system_MK60DZ10.o [1]
    .bss               zero     0x1fff18c0    0x50  xfiles.o [3]
    .bss               zero     0x1fff1910     0x2  ccdwork.o [1]
    .bss               zero     0x1fff1912     0x2  ccdwork.o [1]
    .bss               zero     0x1fff1914     0x1  ccdwork.o [1]
    .bss               zero     0x1fff1915     0x1  ccdwork.o [1]
    .bss               zero     0x1fff1916     0x1  ccdwork.o [1]
    .bss               zero     0x1fff1917     0x1  MK60_it.o [1]
  P2 s0                         0x1fff1918    0x88  <Init block>
    __DLIB_PERTHREAD   inited   0x1fff1918    0x88  localeconv.o [3]
                              - 0x1fff19a0  0x1590


*******************************************************************************
*** INIT TABLE
***

          Address     Size
          -------     ----
Zero (__iar_zero_init3)
    1 destination range, total size 0xa68:
          0x1fff0eb0  0xa68



*******************************************************************************
*** MODULE SUMMARY
***

    Module                 ro code  rw code  ro data  rw data
    ------                 -------  -------  -------  -------
G:\NXP\PROJ\xiaosai_v3\xiaosai_v3\Prj\IAR\FX15_Debug\Obj: [1]
    IIC.o                    5 394
    MK60_PIT.o                 300                56
    MK60_SysTick.o              72                60
    MK60_adc.o                 696                64        8
    MK60_conf.o                384             1 948    1 800
    MK60_flash.o                        352      408
    MK60_ftm.o               1 148                68       12
    MK60_gpio.o                412                76       20
    MK60_it.o                3 992                 4       61
    MK60_mcg.o                 948       80      152       72
    MK60_port.o                176                20       20
    MK60_uart.o                584                80       24
    MK60_wdog.o                 64
    VCAN_LED.o                  80                 4        4
    VCAN_key.o                 168                 8        8
    calculation.o              664
    ccdwork.o                2 340                56      257
    main.o                   2 080               276      388
    misc.o                      80                52
    oled.o                     992             2 660    2 112
    startup_MK60DZ10.o           8
    system_MK60DZ10.o          292                         12
    upper monitor.o            300
    vectors.o                                  1 040
    ---------------------------------------------------------
    Total:                  21 174      432    7 032    4 798

command line: [2]
    ---------------------------------------------------------
    Total:

dl7M_tlf.a: [3]
    div.o                       14
    exit.o                       4
    localeconv.o               108               136      136
    low_level_init.o             4
    printf.o                    36
    putchar.o                   12
    sprintf.o                   52
    xfiles.o                                      64      144
    xprintflarge_nomb.o      3 054
    xprout.o                    22
    xsprout.o                   10
    xtls.o                       2
    ---------------------------------------------------------
    Total:                   3 318               200      280

m7M_tl.a: [4]
    DblAdd.o                   232
    DblCmpGe.o                  46
    DblCmpLe.o                  46
    DblDiv.o                   582
    DblMul.o                   418
    DblSub.o                   384
    DblToFlt.o                 144
    DblToI32.o                  88
    FltAdd.o                   132
    FltCmpGe.o                  36
    FltCmpLe.o                  36
    FltDiv.o                   252
    FltMul.o                   216
    FltSub.o                   230
    FltToDbl.o                  78
    FltToS32.o                  68
    FltToU32.o                  36
    I32ToDbl.o                  48
    I32ToFlt.o                  46
    xdnorm.o                    66
    ---------------------------------------------------------
    Total:                   3 184

rt7M_tl.a: [5]
    ABImemclr4.o                 6
    ABImemcpy_unaligned.o      118
    ABImemset48.o               50
    I64DivMod.o                238
    I64DivZer.o                  2
    XXexit.o                    12
    cexit.o                     10
    cmain.o                     26
    cstartup_M.o                12
    data_init.o                 40
    memchr.o                    88
    strchr.o                    22
    strlen.o                    54
    zero_init3.o                34
    ---------------------------------------------------------
    Total:                     712

    Gaps                        34                 2        2
    Linker created              24        8       28
-------------------------------------------------------------
    Grand Total:            28 446      440    7 262    5 080


*******************************************************************************
*** ENTRY LIST
***

Entry                      Address   Size  Type      Object
-----                      -------   ----  ----      ------
.bss$$Base              0x1fff0eb0          --   Gb  - Linker created -
.bss$$Limit             0x1fff1918          --   Gb  - Linker created -
.data$$Base             0x1fff0410          --   Gb  - Linker created -
.data$$Limit            0x1fff0cf8          --   Gb  - Linker created -
.data_init$$Base        0x00005f90          --   Gb  - Linker created -
.data_init$$Limit       0x0000687c          --   Gb  - Linker created -
?main                   0x00008a1d         Code  Gb  cmain.o [5]
ACC_X                   0x1fff04e8    0x8  Data  Gb  main.o [1]
ACC_Z                   0x1fff04f0    0x8  Data  Gb  main.o [1]
ADCN                    0x1fff0504    0x8  Data  Gb  MK60_adc.o [1]
ASSERT_FAILED_STR       0x000089c8   0x24  Data  Gb  MK60_conf.o [1]
Ang_Acc                 0x1fff04f8    0x4  Data  Gb  main.o [1]
Ang_Cha                 0x1fff0f84    0x4  Data  Gb  main.o [1]
Ang_Error               0x1fff0500    0x4  Data  Gb  main.o [1]
Ang_IGyro               0x1fff04fc    0x4  Data  Gb  main.o [1]
Ang_Set                 0x1fff0460    0x4  Data  Gb  main.o [1]
B_flog                  0x1fff1916    0x1  Data  Gb  ccdwork.o [1]
B_flog_wangxing         0x1fff0f70    0x4  Data  Gb  ccdwork.o [1]
CCD_Time                0x1fff0f88    0x4  Data  Gb  main.o [1]
CCD_init2               0x000050d5   0x1e  Code  Gb  calculation.o [1]
CCD_init3               0x000050f3   0x1e  Code  Gb  calculation.o [1]
CCD_succeed_flag        0x1fff1917    0x1  Data  Gb  MK60_it.o [1]
CRC_CHECK               0x000074cd   0x4a  Code  Gb  upper monitor.o [1]
Ccd_getline_flag        0x1fff0f60    0x4  Data  Gb  ccdwork.o [1]
Check_Speed             0x1fff0fb8    0x4  Data  Gb  main.o [1]
CodeRelocate$$Base      0x00008488          --   Gb  - Linker created -
CodeRelocate$$Limit     0x00008640          --   Gb  - Linker created -
CodeRelocateRam$$Base   0x1fff0cf8          --   Gb  - Linker created -
CodeRelocateRam$$Limit  0x1fff0eb0          --   Gb  - Linker created -
Coner                   0x1fff0444    0x4  Data  Gb  ccdwork.o [1]
DSpeed_Time             0x1fff0f90    0x4  Data  Gb  main.o [1]
Dynamic_P_L             0x1fff1058    0x4  Data  Gb  MK60_it.o [1]
Dynamic_P_R             0x1fff105c    0x4  Data  Gb  MK60_it.o [1]
FTM1_INPUT_IRQHandler   0x00004531   0x58  Code  Gb  MK60_it.o [1]
FTM2_INPUT_IRQHandler   0x00004599   0x58  Code  Gb  MK60_it.o [1]
FTMN                    0x1fff0c14    0xc  Data  Gb  MK60_ftm.o [1]
FTM_Input_init          0x00004c4d  0x16a  Code  Gb  MK60_ftm.o [1]
FTM_PWM_Duty            0x00004be1   0x6c  Code  Gb  MK60_ftm.o [1]
FTM_PWM_init            0x00004a69  0x178  Code  Gb  MK60_ftm.o [1]
FTM_port_mux            0x00004951  0x118  Code  Lc  MK60_ftm.o [1]
Fangxiang_D_L           0x1fff045c    0x4  Data  Gb  main.o [1]
Fangxiang_D_R           0x1fff0454    0x4  Data  Gb  main.o [1]
Fangxiang_P_L           0x1fff0458    0x4  Data  Gb  main.o [1]
Fangxiang_P_R           0x1fff0450    0x4  Data  Gb  main.o [1]
GPIOX                   0x1fff0c20   0x14  Data  Gb  MK60_gpio.o [1]
GYRO_X                  0x1fff0f98    0x4  Data  Gb  main.o [1]
GYRO_Y                  0x1fff0f9c    0x4  Data  Gb  main.o [1]
Get_Gyro                0x000018a7   0x84  Code  Gb  IIC.o [1]
Get_mma8451_once        0x000017c1   0x96  Code  Gb  IIC.o [1]
Go                      0x000037c1  0x5e0  Code  Gb  MK60_it.o [1]
IIC_start               0x00000419  0x140  Code  Gb  IIC.o [1]
IIC_stop                0x00000559  0x15c  Code  Gb  IIC.o [1]
ImageCapture2           0x0000520d   0x98  Code  Gb  calculation.o [1]
ImageCapture3           0x000052a5   0x98  Code  Gb  calculation.o [1]
Init_L3G4200D           0x00001871   0x36  Code  Gb  IIC.o [1]
KEY_PTxn                0x1fff0cac    0x8  Data  Gb  VCAN_key.o [1]
LCD_Display             0x0000743b   0x22  Code  Gb  oled.o [1]
LED_PTxn                0x1fff0cb4    0x4  Data  Gb  VCAN_LED.o [1]
LeftWheel_Count         0x1fff0fb0    0x4  Data  Gb  main.o [1]
LoadInt                 0x00002bb9   0x6e  Code  Lc  xprintflarge_nomb.o [3]
MMA845x_init            0x00000a3d  0xd10  Code  Gb  IIC.o [1]
NVIC_EnableIRQ          0x0000687d   0x16  Code  Lc  main.o [1]
NVIC_SystemReset        0x0000202d   0x1a  Code  Lc  MK60_conf.o [1]
OLED_Clear              0x0000714d   0x30  Code  Gb  oled.o [1]
OLED_DrawPoint          0x0000717d   0x8c  Code  Gb  oled.o [1]
OLED_GRAM               0x1fff1074  0x840  Data  Gb  oled.o [1]
OLED_Init               0x0000731b  0x120  Code  Gb  oled.o [1]
OLED_Refresh_Gram       0x0000709d   0x54  Code  Gb  oled.o [1]
OLED_ShowChar           0x00007209   0xca  Code  Gb  oled.o [1]
OLED_ShowString         0x000072d3   0x48  Code  Gb  oled.o [1]
OLED_WR_Byte            0x000070f1   0x5c  Code  Gb  oled.o [1]
OutData                 0x1fff0fa0   0x10  Data  Gb  main.o [1]
OutPut_Data             0x00007517   0xdc  Code  Gb  upper monitor.o [1]
PIT0_IRQHandler         0x00003e11  0x71a  Code  Gb  MK60_it.o [1]
PORTC_IRQHandler        0x000045fd   0x24  Code  Gb  MK60_it.o [1]
PORTX                   0x1fff0c80   0x14  Data  Gb  MK60_port.o [1]
Parameter1              0x1fff1020    0x4  Data  Gb  main.o [1]
Parameter2              0x1fff101c    0x4  Data  Gb  main.o [1]
Parameter3              0x1fff1024    0x4  Data  Gb  main.o [1]
Parameter4              0x1fff1028    0x4  Data  Gb  main.o [1]
Pixe2                   0x1fff0468   0x80  Data  Gb  main.o [1]
Pixe3                   0x1fff0eb0   0x80  Data  Gb  ccdwork.o [1]
Region$$Table$$Base     0x000089ec          --   Gb  - Linker created -
Region$$Table$$Limit    0x000089fc          --   Gb  - Linker created -
Reset_Handler           0x00000411         Code  Gb  startup_MK60DZ10.o [1]
RightWheel_Count        0x1fff0fb4    0x4  Data  Gb  main.o [1]
SamplingDelay           0x0000533d   0x16  Code  Gb  calculation.o [1]
Shut_Hill               0x1fff106c    0x4  Data  Gb  MK60_it.o [1]
Single_Read             0x00000a03   0x38  Code  Gb  IIC.o [1]
Single_Write            0x000009d9   0x2a  Code  Gb  IIC.o [1]
SpeedAverOut            0x1fff0ff8    0x4  Data  Gb  main.o [1]
SpeedQueue              0x1fff0ffc   0x14  Data  Gb  main.o [1]
Speed_Con               0x1fff0f94    0x4  Data  Gb  main.o [1]
Speed_Control_Out       0x1fff1070    0x4  Data  Gb  MK60_it.o [1]
Speed_Down              0x1fff1018    0x4  Data  Gb  main.o [1]
Speed_Error             0x1fff0fc0    0x4  Data  Gb  main.o [1]
Speed_Final_Out         0x1fff0ff0    0x4  Data  Gb  main.o [1]
Speed_Int               0x1fff1010    0x4  Data  Gb  main.o [1]
Speed_L                 0x1fff1048    0x4  Data  Gb  MK60_it.o [1]
Speed_Last              0x1fff0ff4    0x4  Data  Gb  main.o [1]
Speed_Rate              0x1fff1014    0x4  Data  Gb  main.o [1]
Speed_Rate1             0x1fff1054    0x4  Data  Gb  MK60_it.o [1]
Speed_Set               0x1fff0fbc    0x4  Data  Gb  main.o [1]
Speed_Time              0x1fff0f8c    0x4  Data  Gb  main.o [1]
StartIntegration2       0x00005111   0x7e  Code  Gb  calculation.o [1]
StartIntegration3       0x0000518f   0x7e  Code  Gb  calculation.o [1]
Stright_Count           0x1fff104c    0x4  Data  Gb  MK60_it.o [1]
Sudu_I                  0x1fff0f7c    0x4  Data  Gb  main.o [1]
Sudu_P                  0x1fff0f78    0x4  Data  Gb  main.o [1]
Turning                 0x1fff0fc4    0x4  Data  Gb  main.o [1]
Turning1                0x1fff0f64    0x4  Data  Gb  ccdwork.o [1]
Turning_Out_L           0x1fff1064    0x4  Data  Gb  MK60_it.o [1]
Turning_Out_R           0x1fff1060    0x4  Data  Gb  MK60_it.o [1]
UARTN                   0x1fff0c94   0x18  Data  Gb  MK60_uart.o [1]
Zhili_D                 0x1fff044c    0x4  Data  Gb  main.o [1]
Zhili_P                 0x1fff0448    0x4  Data  Gb  main.o [1]
_GenldLargeNoMb         0x00002fad  0x236  Code  Lc  xprintflarge_nomb.o [3]
_LdtobLargeNoMb         0x00002d2d  0x27a  Code  Lc  xprintflarge_nomb.o [3]
_LitobLargeNoMb         0x00002c27  0x106  Code  Lc  xprintflarge_nomb.o [3]
_Locale_aeabi_lconv     0x1fff1968   0x38  Data  Gb  localeconv.o [3]
_Locale_lconv           0x1fff1918   0x50  Data  Gb  localeconv.o [3]
_PrintfLargeNoMb        0x0000263d  0x576  Code  Gb  xprintflarge_nomb.o [3]
_Prout                  0x00008a59   0x16  Code  Gb  xprout.o [3]
_PutcharsLargeNoMb      0x000031e3   0x2e  Code  Lc  xprintflarge_nomb.o [3]
_SProut                 0x00001d5f    0xa  Code  Gb  xsprout.o [3]
__BOOT_STACK_ADDRESS {Abs}
                        0x2000fff8          --   Gb  command line/config [2]
__VECTOR_RAM {Abs}      0x1fff0000          --   Gb  command line/config [2]
__VECTOR_TABLE {Abs}    0x00000000          --   Gb  command line/config [2]
__aeabi_cdcmple         0x00001f3d         Code  Gb  DblCmpLe.o [4]
__aeabi_cdrcmple        0x00001f0d         Code  Gb  DblCmpGe.o [4]
__aeabi_cfcmple         0x00004909         Code  Gb  FltCmpLe.o [4]
__aeabi_cfrcmple        0x000048e5         Code  Gb  FltCmpGe.o [4]
__aeabi_d2f             0x00004f05         Code  Gb  DblToFlt.o [4]
__aeabi_d2iz            0x0000347d         Code  Gb  DblToI32.o [4]
__aeabi_d2uiz           0x000034a9         Code  Gb  DblToI32.o [4]
__aeabi_dadd            0x000036d5         Code  Gb  DblAdd.o [4]
__aeabi_ddiv            0x00001b19         Code  Gb  DblDiv.o [4]
__aeabi_dmul            0x00001d69         Code  Gb  DblMul.o [4]
__aeabi_dsub            0x000034d5         Code  Gb  DblSub.o [4]
__aeabi_f2d             0x00004eb5         Code  Gb  FltToDbl.o [4]
__aeabi_f2iz            0x00004f95         Code  Gb  FltToS32.o [4]
__aeabi_f2uiz           0x0000492d         Code  Gb  FltToU32.o [4]
__aeabi_fadd            0x00004861         Code  Gb  FltAdd.o [4]
__aeabi_fdiv            0x00004fd9         Code  Gb  FltDiv.o [4]
__aeabi_fmul            0x00004759         Code  Gb  FltMul.o [4]
__aeabi_fsub            0x00004dcd         Code  Gb  FltSub.o [4]
__aeabi_i2d             0x00001ae9         Code  Gb  I32ToDbl.o [4]
__aeabi_i2f             0x00004831         Code  Gb  I32ToFlt.o [4]
__aeabi_ldiv0           0x000036d1         Code  Gb  I64DivZer.o [5]
__aeabi_memclr4         0x0000762d         Code  Gb  ABImemclr4.o [5]
__aeabi_ui2d            0x00001afd         Code  Gb  I32ToDbl.o [4]
__aeabi_uldivmod        0x000032d5         Code  Gb  I64DivMod.o [5]
__as_entries_start      0xffffffff          --   Gb  command line/config [2]
__as_table_start        0xffffffff          --   Gb  command line/config [2]
__cmain                 0x00008a1d         Code  Gb  cmain.o [5]
__code_start__ {Abs}    0x00000410          --   Gb  command line/config [2]
__exit                  0x00008a4d         Code  Gb  XXexit.o [5]
__iar_Dnorm             0x0000343b   0x42  Code  Gb  xdnorm.o [4]
__iar_Locale_lconv_init
                        0x00003655   0x3a  Code  Gb  localeconv.o [3]
__iar_Memchr            0x0000327d         Code  Gb  memchr.o [5]
__iar_Memset4_word      0x00007635         Code  Gb  ABImemset48.o [5]
__iar_Memset8_word      0x00007635         Code  Gb  ABImemset48.o [5]
__iar_Stdout            0x1fff0cb8   0x40  Data  Gb  xfiles.o [3]
__iar_Strchr            0x0000322d         Code  Gb  strchr.o [5]
__iar_d2uiz             0x000034b5         Code  Gb  DblToI32.o [4]
__iar_dadd              0x000036e9         Code  Gb  DblAdd.o [4]
__iar_data_init3        0x000089a1   0x28  Code  Gb  data_init.o [5]
__iar_dlib_perthread_access
                        0x000037bd    0x2  Code  Gb  xtls.o [3]
__iar_dsub              0x000034e9         Code  Gb  DblSub.o [4]
__iar_dsubStart         0x000034fb         Code  Gb  DblSub.o [4]
__iar_fadd              0x00004871         Code  Gb  FltAdd.o [4]
__iar_fsub              0x00004ddd         Code  Gb  FltSub.o [4]
__iar_fsubStart         0x00004ded         Code  Gb  FltSub.o [4]
__iar_program_start     0x00008ac1         Code  Gb  cstartup_M.o [5]
__iar_ui2d              0x00001b01         Code  Gb  I32ToDbl.o [4]
__iar_ui2f              0x00004845         Code  Gb  I32ToFlt.o [4]
__iar_unaligned___aeabi_memcpy
                        0x000033c5         Code  Gb  ABImemcpy_unaligned.o [5]
__iar_unaligned___aeabi_memcpy4
                        0x000033e5         Code  Gb  ABImemcpy_unaligned.o [5]
__iar_unaligned___aeabi_memcpy8
                        0x000033e5         Code  Gb  ABImemcpy_unaligned.o [5]
__iar_zero_init3        0x0000192b   0x22  Code  Gb  zero_init3.o [5]
__low_level_init        0x00008a37    0x4  Code  Gb  low_level_init.o [3]
__vector_table          0x00000000  0x410  Data  Gb  vectors.o [1]
_call_main              0x00008a29         Code  Gb  cmain.o [5]
_exit                   0x00008a41         Code  Gb  cexit.o [5]
_main                   0x00008a33         Code  Gb  cmain.o [5]
adc_init                0x00005c91  0x20e  Code  Gb  MK60_adc.o [1]
adc_once                0x00005e9f   0x50  Code  Gb  MK60_adc.o [1]
adc_start               0x00005eef   0x44  Code  Lc  MK60_adc.o [1]
assert_failed           0x00002047   0x30  Code  Gb  MK60_conf.o [1]
bus_clk_khz             0x1fff18bc    0x4  Data  Gb  system_MK60DZ10.o [1]
ccd3_work               0x000053d9   0x90  Code  Gb  ccdwork.o [1]
ccd_avg                 0x1fff0f5c    0x4  Data  Gb  ccdwork.o [1]
ccd_deal                0x0000536d   0x6c  Code  Gb  ccdwork.o [1]
ccd_getline             0x00005469  0x78e  Code  Gb  ccdwork.o [1]
ccd_max                 0x1fff1914    0x1  Data  Gb  ccdwork.o [1]
ccd_min                 0x1fff1915    0x1  Data  Gb  ccdwork.o [1]
ccd_sum                 0x1fff0f58    0x4  Data  Gb  ccdwork.o [1]
ccd_target              0x1fff1910    0x2  Data  Gb  ccdwork.o [1]
ccd_target1             0x1fff1912    0x2  Data  Gb  ccdwork.o [1]
common_startup          0x00008695   0x98  Code  Gb  system_MK60DZ10.o [1]
core_clk_khz            0x1fff18b4    0x4  Data  Gb  system_MK60DZ10.o [1]
core_clk_mhz            0x1fff18b8    0x4  Data  Gb  system_MK60DZ10.o [1]
dang                    0x1fff102c    0x4  Data  Gb  main.o [1]
danxian                 0x1fff0f30    0x4  Data  Gb  ccdwork.o [1]
danxian_error           0x1fff0428    0x4  Data  Gb  ccdwork.o [1]
danxian_get1            0x1fff0f38    0x4  Data  Gb  ccdwork.o [1]
danxian_zhi             0x1fff0f34    0x4  Data  Gb  ccdwork.o [1]
danxian_zhi2            0x1fff0410    0x8  Data  Gb  ccdwork.o [1]
default_isr             0x0000214d   0x3a  Code  Gb  MK60_conf.o [1]
dengta                  0x1fff0fcc    0x4  Data  Gb  main.o [1]
dengta1                 0x1fff0fd0    0x4  Data  Gb  main.o [1]
dengta_end_wu           0x1fff0fd8    0x4  Data  Gb  main.o [1]
dengta_end_you          0x1fff0fd4    0x4  Data  Gb  main.o [1]
dengta_num              0x1fff0fdc    0x4  Data  Gb  main.o [1]
dengta_num1             0x1fff0fe0    0x4  Data  Gb  main.o [1]
dengta_yanshi           0x1fff0fc8    0x4  Data  Gb  main.o [1]
div                     0x000036c1    0xe  Code  Gb  div.o [3]
exit                    0x00008a3b    0x4  Code  Gb  exit.o [3]
flash_cmd               0x1fff0d01   0x20  Code  Gb  MK60_flash.o [1]
flash_erase_sector      0x1fff0d49   0x58  Code  Gb  MK60_flash.o [1]
flash_init              0x1fff0d21   0x28  Code  Gb  MK60_flash.o [1]
flash_write             0x1fff0da1   0x8e  Code  Gb  MK60_flash.o [1]
fputc                   0x00002077   0x14  Code  Gb  MK60_conf.o [1]
gear                    0x1fff1030    0x4  Data  Gb  main.o [1]
gpio_get                0x00001aa5   0x3a  Code  Gb  MK60_gpio.o [1]
gpio_init               0x0000194d   0xae  Code  Gb  MK60_gpio.o [1]
gpio_set                0x000019fb   0x72  Code  Gb  MK60_gpio.o [1]
gpio_turn               0x00001a6d   0x38  Code  Gb  MK60_gpio.o [1]
heheda                  0x1fff0fec    0x4  Data  Gb  main.o [1]
key_check               0x00002601   0x34  Code  Gb  VCAN_key.o [1]
key_get                 0x000025e7   0x1a  Code  Gb  VCAN_key.o [1]
key_init                0x00002595   0x52  Code  Gb  VCAN_key.o [1]
led_init                0x000021ad   0x3a  Code  Gb  VCAN_LED.o [1]
led_turn                0x000021e7   0x10  Code  Gb  VCAN_LED.o [1]
line_left               0x1fff0434    0x8  Data  Gb  ccdwork.o [1]
line_left1              0x1fff0440    0x4  Data  Gb  ccdwork.o [1]
line_right              0x1fff042c    0x8  Data  Gb  ccdwork.o [1]
line_right1             0x1fff043c    0x4  Data  Gb  ccdwork.o [1]
localeconv              0x0000368f   0x16  Code  Gb  localeconv.o [3]
main                    0x00006893  0x740  Code  Gb  main.o [1]
mcg_cfg                 0x1fff0c38   0x44  Data  Gb  MK60_mcg.o [1]
mcg_div                 0x1fff0c7c    0x4  Data  Gb  MK60_mcg.o [1]
mcg_div_count           0x000080d5  0x2e6  Code  Gb  MK60_mcg.o [1]
memchr                  0x0000327d         Code  Gb  memchr.o [5]
mma_switch              0x0000174d   0x74  Code  Gb  IIC.o [1]
obuf                    0x1fff18c0   0x50  Data  Lc  xfiles.o [3]
oled_asc2_1206          0x00007c58  0x474  Data  Gb  oled.o [1]
oled_asc2_1608          0x00007668  0x5f0  Data  Gb  oled.o [1]
pao_end                 0x1fff0fe8    0x4  Data  Gb  main.o [1]
pit_delay               0x0000228d   0xb0  Code  Gb  MK60_PIT.o [1]
pit_init                0x00002221   0x6c  Code  Gb  MK60_PIT.o [1]
pll_init                0x000083bb   0xb2  Code  Gb  MK60_mcg.o [1]
podao                   0x1fff1068    0x4  Data  Gb  MK60_it.o [1]
port_init               0x00001f6d   0x44  Code  Gb  MK60_port.o [1]
port_init_NoALT         0x00001fb1   0x62  Code  Gb  MK60_port.o [1]
printf                  0x000021fd   0x24  Code  Gb  printf.o [3]
putchar                 0x00008a71    0xc  Code  Gb  putchar.o [3]
qianzhan                0x1fff0c34    0x4  Data  Gb  MK60_it.o [1]
qipao                   0x1fff0fe4    0x4  Data  Gb  main.o [1]
qipaoyanshi             0x1fff0464    0x4  Data  Gb  main.o [1]
read_byte               0x000008a9  0x128  Code  Gb  IIC.o [1]
send_byte               0x000006b5  0x1f4  Code  Gb  IIC.o [1]
set_sys_dividers        0x1fff0e61   0x50  Code  Gb  MK60_mcg.o [1]
set_vector_handler      0x0000749f   0x22  Code  Gb  misc.o [1]
sprintf                 0x000075f9   0x34  Code  Gb  sprintf.o [3]
start                   0x00008641   0x18  Code  Gb  system_MK60DZ10.o [1]
start_check             0x0000208b   0xc2  Code  Gb  MK60_conf.o [1]
strchr                  0x0000322d         Code  Gb  strchr.o [5]
strlen                  0x00003245         Code  Gb  strlen.o [5]
sysinit                 0x00008659   0x3c  Code  Gb  system_MK60DZ10.o [1]
systick_delay           0x00005f49   0x36  Code  Gb  MK60_SysTick.o [1]
targe_error             0x1fff0424    0x2  Data  Gb  ccdwork.o [1]
targe_error3            0x1fff041c    0x4  Data  Gb  ccdwork.o [1]
test                    0x1fff0f74    0x4  Data  Gb  main.o [1]
uart_init               0x0000234d  0x214  Code  Gb  MK60_uart.o [1]
uart_putchar            0x00002561   0x1a  Code  Gb  MK60_uart.o [1]
vector_str              0x1fff050c  0x708  Data  Gb  MK60_conf.o [1]
wdog_disable            0x00008765   0x16  Code  Gb  MK60_wdog.o [1]
wdog_unlock             0x0000877b   0x20  Code  Lc  MK60_wdog.o [1]
write_vtor              0x0000747d   0x22  Code  Gb  misc.o [1]
yanshi                  0x1fff1038    0x4  Data  Gb  main.o [1]
yanshiqipao             0x1fff1034    0x4  Data  Gb  main.o [1]
zhangai_hei_you         0x1fff0f6c    0x4  Data  Gb  ccdwork.o [1]
zhangai_hei_zuo         0x1fff0f68    0x4  Data  Gb  ccdwork.o [1]
zhangaijifen            0x1fff1044    0x4  Data  Gb  MK60_it.o [1]
zhangail                0x1fff103c    0x4  Data  Gb  MK60_it.o [1]
zhangair                0x1fff1040    0x4  Data  Gb  MK60_it.o [1]
zhijiao_CCD3_chu        0x1fff0f4c    0x4  Data  Gb  ccdwork.o [1]
zhijiao_Power           0x1fff0f80    0x4  Data  Gb  main.o [1]
zhijiao_allow           0x1fff0418    0x4  Data  Gb  ccdwork.o [1]
zhijiao_chu_shu         0x1fff0f50    0x4  Data  Gb  ccdwork.o [1]
zhijiao_chu_time1       0x1fff1050    0x4  Data  Gb  MK60_it.o [1]
zhijiao_heheda          0x1fff0f54    0x4  Data  Gb  ccdwork.o [1]
zhijiao_hei             0x1fff0f3c    0x4  Data  Gb  ccdwork.o [1]
zhijiao_line_left       0x1fff0f40    0x4  Data  Gb  ccdwork.o [1]
zhijiao_line_right      0x1fff0f44    0x4  Data  Gb  ccdwork.o [1]
zhijiao_turning         0x1fff0f48    0x4  Data  Gb  ccdwork.o [1]
zhijiao_turning_time    0x1fff0420    0x4  Data  Gb  ccdwork.o [1]


[1] = G:\NXP\PROJ\xiaosai_v3\xiaosai_v3\Prj\IAR\FX15_Debug\Obj
[2] = command line
[3] = dl7M_tlf.a
[4] = m7M_tl.a
[5] = rt7M_tl.a

  28 446 bytes of readonly  code memory
     440 bytes of readwrite code memory
   7 262 bytes of readonly  data memory
   5 080 bytes of readwrite data memory

Errors: none
Warnings: none
